C51 COMPILER V9.60.7.0   EXP8P2                                                            03/31/2025 17:34:47 PAGE 1   


C51 COMPILER V9.60.7.0, COMPILATION OF MODULE EXP8P2
OBJECT MODULE PLACED IN .\Objects\exp8p2.obj
COMPILER INVOKED BY: C:\users\rotten\Desktop\C51\BIN\C51.exe Experiment8\exp8p2.c OPTIMIZE(8,SPEED) BROWSE DEBUG OBJECTE
                    -XTEND PRINT(.\Listings\exp8p2.lst) TABS(2) OBJECT(.\Objects\exp8p2.obj)

line level    source

   1          #include <reg51.h>
   2          void main(){
   3   1        unsigned char a = '4', b = '7';
   4   1        P1 = ((a - '0') << 4)|(b - '0');
   5   1      }


MODULE INFORMATION:   STATIC OVERLAYABLE
   CODE SIZE        =     16    ----
   CONSTANT SIZE    =   ----    ----
   XDATA SIZE       =   ----    ----
   PDATA SIZE       =   ----    ----
   DATA SIZE        =   ----    ----
   IDATA SIZE       =   ----    ----
   BIT SIZE         =   ----    ----
END OF MODULE INFORMATION.


C51 COMPILATION COMPLETE.  0 WARNING(S),  0 ERROR(S)
