C51 COMPILER V9.60.7.0   EXP9P1                                                            03/31/2025 17:55:36 PAGE 1   


C51 COMPILER V9.60.7.0, COMPILATION OF MODULE EXP9P1
OBJECT MODULE PLACED IN .\Objects\exp9p1.obj
COMPILER INVOKED BY: C:\users\rotten\Desktop\C51\BIN\C51.exe Experiment9\exp9p1.c OPTIMIZE(8,SPEED) BROWSE DEBUG OBJECTE
                    -XTEND PRINT(.\Listings\exp9p1.lst) TABS(2) OBJECT(.\Objects\exp9p1.obj)

line level    source

   1          #include <reg51.h>
   2          void main(){
   3   1        TMOD = 0x20;
   4   1        TH1 = 0xFA;
   5   1        TL1 = 0xFA;
   6   1        TR1 = 1;
   7   1        SCON = 0x50;
   8   1        for(;;){
   9   2          SBUF = 'A';
  10   2          while(TI == 0);
  11   2          TI = 0;
  12   2        }
  13   1        TR1 = 0;
  14   1        TF1 = 0;
  15   1      }
*** WARNING C294 IN LINE 13 OF Experiment9\exp9p1.c: unreachable code


MODULE INFORMATION:   STATIC OVERLAYABLE
   CODE SIZE        =     24    ----
   CONSTANT SIZE    =   ----    ----
   XDATA SIZE       =   ----    ----
   PDATA SIZE       =   ----    ----
   DATA SIZE        =   ----    ----
   IDATA SIZE       =   ----    ----
   BIT SIZE         =   ----    ----
END OF MODULE INFORMATION.


C51 COMPILATION COMPLETE.  1 WARNING(S),  0 ERROR(S)
